This is pdfTeX, Version 3.141592653-2.6-1.40.28 (MiKTeX 25.12) (preloaded format=pdflatex.fmt)
 restricted \write18 enabled.
entering extended mode
(test.tex
LaTeX2e <2025-11-01>
L3 programming layer <2025-12-24>
(C:\Users\34333\AppData\Local\Programs\MiKTeX\tex/latex/base\article.cls
Document Class: article 2025/01/22 v1.4n Standard LaTeX document class
(C:\Users\34333\AppData\Local\Programs\MiKTeX\tex/latex/base\size10.clo))
(C:\Users\34333\AppData\Local\Programs\MiKTeX\tex/latex/l3backend\l3backend-pdf
tex.def) (test.aux) [1{C:/Users/34333/AppData/Local/MiKTeX/fonts/map/pdftex/pdf
tex.map}] (test.aux) )<C:/Users/34333/AppData/Local/Programs/MiKTeX/fonts/type1
/public/amsfonts/cm/cmr10.pfb>
Output written on test.pdf (1 page, 11749 bytes).
Transcript written on test.log.
pdflatex : pdflatex: major issue: So far, you have not checked for MiKTeX updates.
At line:15 char:2247
+ ... ent\arxiv"; pdflatex -interaction=nonstopmode test.tex *> t.log 2>&1; ...
+                 ~~~~~~~~~~~~~~~~~~~~~~~~~~~~~~~~~~~~~~~~~~~~~~~~~~~~~~~~
    + CategoryInfo          : NotSpecified: (pdflatex: major...MiKTeX updates.:String) [], RemoteException
    + FullyQualifiedErrorId : NativeCommandError
 
