python.exe : 09:42:10 INFO ktau synthetic model: 500 ops, 10 replicas, 8 keys
At line:15 char:3094
+ ... pgrep\bin'; & ".venv\Scripts\python.exe" scripts\run_synthetic_eval.p ...
+                 ~~~~~~~~~~~~~~~~~~~~~~~~~~~~~~~~~~~~~~~~~~~~~~~~~~~~~~~~~
    + CategoryInfo          : NotSpecified: (09:42:10 INFO k...eplicas, 8 keys:String) [], RemoteException
    + FullyQualifiedErrorId : NativeCommandError
 
09:42:10 INFO ktau === [synthetic] E1: 因果分解验证 ===
09:42:10 INFO ktau E1 汇总:
                       tau_causal  tau_contested  tauhat  info_retention
conflict strategy                                                       
high     crdt_lww             0.0         0.4667  0.0166          0.9834
         crdt_pure            0.0         0.4667  0.0166          0.9834
         leader               0.0         0.2000  0.0077          0.9923
         lww                  0.0         0.4667  0.0166          0.9834
         ranked_pairs         0.0         0.0000  0.0000          1.0000
         vc                   0.0         0.4667  0.0166          0.9834
low      crdt_lww             0.0         0.2667  0.0093          0.9907
         crdt_pure            0.0         0.2667  0.0093          0.9907
         leader               0.0         0.1333  0.0047          0.9953
         lww                  0.0         0.2667  0.0093          0.9907
         ranked_pairs         0.0         0.0000  0.0000          1.0000
         vc                   0.0         0.2667  0.0093          0.9907
09:42:10 INFO ktau === [synthetic] E2: 端到端对比（高冲突） ===
09:42:10 INFO ktau E2 汇总:
              ops_retained  auto_coverage  info_retention  tau_causal  semantic_validity    gini  time_ms
strategy                                                                                                 
crdt_lww            1.0000         1.0000          0.9883         0.0             0.5862  0.2333   0.0134
crdt_pure           1.0000         0.6111          0.9883         0.0             0.5862  0.2333   0.0296
leader              0.3889         1.0000          0.9982         0.0             0.7278  0.0600   0.0085
lww                 1.0000         1.0000          0.9883         0.0             0.5862  0.2333   0.0289
ranked_pairs        1.0000         1.0000          1.0000         0.0             0.5367  0.0000   0.3324
vc                  1.0000         0.6111          0.9883         0.0             0.5862  0.2333   0.0650
09:42:10 INFO ktau === [synthetic] E3: Ranked Pairs vs 精确 Kemeny ===
09:42:25 INFO ktau E3 汇总:
   rp_exact_rate  avg_excess_pct  max_excess_pct  kemeny_ms
M                                                          
4            1.0             0.0             0.0     0.0455
5            1.0             0.0             0.0     0.2884
6            1.0             0.0             0.0     2.2900
7            1.0             0.0             0.0    16.0228
8            1.0             0.0             0.0   600.6283
09:42:25 INFO ktau === [synthetic] E5: 性能与扩展性 ===
09:44:35 INFO ktau E5 汇总(p50):
     tau_total_ms    rp_ms  lww_ms   vc_ms  merge_thr_ops_s
M                                                          
5          0.7735   0.0679  0.0311  0.0512       73639.1398
8          1.4941   0.1380  0.0335  0.0663       57995.3859
10         2.3787   0.2196  0.0515  0.0871       45526.9960
15         5.4138   0.5132  0.0621  0.1397       29226.9219
20         9.7762   0.9065  0.0738  0.1960       22065.3563
30        22.7324   2.1545  0.0949  0.3150       13937.7277
50        82.4915   8.3237  0.1335  0.6318        6007.0091
100      328.5950  31.7869  0.2061  1.6718        3145.9986
09:44:35 INFO ktau === [synthetic] E6a: 分区不对称 ===
09:44:39 INFO ktau E6a 汇总:
                            ops_retained  info_retention
minority_frac strategy                                  
0.1           leader              0.9000          0.9824
              lww                 1.0000          0.9824
              ranked_pairs        1.0000          1.0000
0.2           leader              0.7917          0.9919
              lww                 1.0000          0.9919
              ranked_pairs        1.0000          1.0000
0.3           leader              0.6889          0.9889
              lww                 1.0000          0.9753
              ranked_pairs        1.0000          1.0000
0.4           leader              0.5806          1.0000
              lww                 1.0000          0.9974
              ranked_pairs        1.0000          1.0000
0.5           leader              0.5083          0.9942
              lww                 1.0000          0.9828
              ranked_pairs        1.0000          1.0000
09:44:39 INFO ktau 合成实验完成，结果已写入 C:\Users\34333\OneDrive\Desktop\Kendall-tau\ktau_cassandra_experiment\results\synthetic
